
=== [train] /Users/admin/Documents/GitHub/bid/.venv/bin/python -u cot_model.py train --dataset /Users/admin/Documents/GitHub/bid/data/cot_dataset/dataset.json --epochs 2 --batch 32 --lr 0.0003 --out /Users/admin/Documents/GitHub/bid/data/cot_model/ckpt_candidate.pt
/Users/admin/Documents/GitHub/bid/.venv/lib/python3.12/site-packages/torch/nn/modules/transformer.py:20: UserWarning: Failed to initialize NumPy: No module named 'numpy' (Triggered internally at /Users/runner/work/pytorch/pytorch/pytorch/torch/csrc/utils/tensor_numpy.cpp:84.)
  device: torch.device = torch.device(torch._C._get_default_device()),  # torch.device('cpu'),
training 5,508,096 params on 1472 examples | 2 epochs | device=mps block=88
  epoch 0 step 20 loss 4.2390
  epoch 0 step 40 loss 2.5637
  epoch 1 step 60 loss 1.6518
  epoch 1 step 80 loss 1.4122
saved /Users/admin/Documents/GitHub/bid/data/cot_model/ckpt_candidate.pt

=== [train] /Users/admin/Documents/GitHub/bid/.venv/bin/python -u cot_model.py train --dataset /Users/admin/Documents/GitHub/bid/data/cot_dataset/dataset.json --epochs 2 --batch 32 --lr 0.0003 --out /Users/admin/Documents/GitHub/bid/data/cot_model/ckpt_candidate.pt
/Users/admin/Documents/GitHub/bid/.venv/lib/python3.12/site-packages/torch/nn/modules/transformer.py:20: UserWarning: Failed to initialize NumPy: No module named 'numpy' (Triggered internally at /Users/runner/work/pytorch/pytorch/pytorch/torch/csrc/utils/tensor_numpy.cpp:84.)
  device: torch.device = torch.device(torch._C._get_default_device()),  # torch.device('cpu'),
training 5,508,096 params on 1472 examples | 2 epochs | device=mps block=88
  epoch 0 step 20 loss 4.2645
  epoch 0 step 40 loss 2.5812
  epoch 1 step 60 loss 1.6456
  epoch 1 step 80 loss 1.4023
saved /Users/admin/Documents/GitHub/bid/data/cot_model/ckpt_candidate.pt

=== [traces] /Users/admin/Documents/GitHub/bid/.venv/bin/python -u trace_factory.py --boards 500 --seed 42 --out /Users/admin/Documents/GitHub/bid/data/traces/traces.jsonl
Wrote 4064 call-traces (500 boards) -> /Users/admin/Documents/GitHub/bid/data/traces/traces.jsonl
Meta   : /Users/admin/Documents/GitHub/bid/data/traces/traces.meta.json | corpus sha256=ccf87e1ba07a01ae… dsl sha256=e23cd28100fd3f9f…

=== [dataset] /Users/admin/Documents/GitHub/bid/.venv/bin/python -u build_cot_dataset.py /Users/admin/Documents/GitHub/bid/data/traces/corpus_combined.jsonl
dataset -> data/cot_dataset/dataset.json
  traces 4088 | vocab 2241 | max block 90 | tokens 227,101 | train/val 3680/408

=== [train] /Users/admin/Documents/GitHub/bid/.venv/bin/python -u cot_model.py train --dataset /Users/admin/Documents/GitHub/bid/data/cot_dataset/dataset.json --epochs 5 --batch 32 --lr 0.0003 --out /Users/admin/Documents/GitHub/bid/data/cot_model/ckpt_candidate.pt
/Users/admin/Documents/GitHub/bid/.venv/lib/python3.12/site-packages/torch/nn/modules/transformer.py:20: UserWarning: Failed to initialize NumPy: No module named 'numpy' (Triggered internally at /Users/runner/work/pytorch/pytorch/pytorch/torch/csrc/utils/tensor_numpy.cpp:84.)
  device: torch.device = torch.device(torch._C._get_default_device()),  # torch.device('cpu'),
training 5,909,504 params on 3680 examples | 5 epochs | device=mps block=90
  epoch 0 step 20 loss 4.4865
  epoch 0 step 40 loss 2.6521
  epoch 0 step 60 loss 1.7824
  epoch 0 step 80 loss 1.5065
  epoch 0 step 100 loss 1.3081
  epoch 1 step 120 loss 1.1712
  epoch 1 step 140 loss 1.1581
  epoch 1 step 160 loss 1.0384
  epoch 1 step 180 loss 1.0114
  epoch 1 step 200 loss 1.0608
  epoch 1 step 220 loss 0.9947
  epoch 2 step 240 loss 0.9380
  epoch 2 step 260 loss 1.0245
  epoch 2 step 280 loss 0.9177
  epoch 2 step 300 loss 0.8924
  epoch 2 step 320 loss 0.8687
  epoch 2 step 340 loss 0.8198
  epoch 3 step 360 loss 0.7856
  epoch 3 step 380 loss 0.8401
  epoch 3 step 400 loss 0.8198
  epoch 3 step 420 loss 0.8043
  epoch 3 step 440 loss 0.7623
  epoch 3 step 460 loss 0.7574
  epoch 4 step 480 loss 0.7553
  epoch 4 step 500 loss 0.7922
  epoch 4 step 520 loss 0.7186
  epoch 4 step 540 loss 0.7377
  epoch 4 step 560 loss 0.7568
saved /Users/admin/Documents/GitHub/bid/data/cot_model/ckpt_candidate.pt

=== [traces] /Users/admin/Documents/GitHub/bid/.venv/bin/python3 -u -m bid.trace_factory --boards 60 --seed 42 --out /Users/admin/Documents/GitHub/bid/data/traces/traces.jsonl
Wrote 516 call-traces (60 boards) -> /Users/admin/Documents/GitHub/bid/data/traces/traces.jsonl
Meta   : /Users/admin/Documents/GitHub/bid/data/traces/traces.meta.json | corpus sha256=83c9119a469ae696… dsl sha256=dba8d31afbbec8fd…

=== [dataset] /Users/admin/Documents/GitHub/bid/.venv/bin/python3 -u -m bid.build_cot_dataset /Users/admin/Documents/GitHub/bid/data/traces/corpus_combined.jsonl
dataset -> data/cot_dataset/dataset.json
  traces 547 | vocab 769 | max block 89 | tokens 31,152 | train/val 493/54

=== [train] /Users/admin/Documents/GitHub/bid/.venv/bin/python3 -u -m bid.cot_model train --dataset /Users/admin/Documents/GitHub/bid/data/cot_dataset/dataset.json --epochs 2 --batch 32 --lr 0.0003 --out /Users/admin/Documents/GitHub/bid/data/cot_model/ckpt_candidate.pt
training 5,155,584 params on 493 examples | 2 epochs | device=mps block=89
  epoch 1 step 20 loss 3.7185
saved /Users/admin/Documents/GitHub/bid/data/cot_model/ckpt_candidate.pt

=== [traces] /Users/admin/Documents/GitHub/bid/.venv/bin/python3 -u -m bid.trace_factory --boards 50 --seed 42 --out /Users/admin/Documents/GitHub/bid/data/traces/traces.jsonl
Wrote 428 call-traces (50 boards) -> /Users/admin/Documents/GitHub/bid/data/traces/traces.jsonl
Meta   : /Users/admin/Documents/GitHub/bid/data/traces/traces.meta.json | corpus sha256=2131dcc021dbfa95… dsl sha256=c6e2553f47e8212b…

=== [dataset] /Users/admin/Documents/GitHub/bid/.venv/bin/python3 -u -m bid.build_cot_dataset /Users/admin/Documents/GitHub/bid/data/traces/corpus_combined.jsonl
Traceback (most recent call last):
  File "<frozen runpy>", line 198, in _run_module_as_main
  File "<frozen runpy>", line 88, in _run_code
  File "/Users/admin/Documents/GitHub/bid/src/bid/build_cot_dataset.py", line 94, in <module>
    main()
  File "/Users/admin/Documents/GitHub/bid/src/bid/build_cot_dataset.py", line 71, in main
    ex = build_example(tok, t)
         ^^^^^^^^^^^^^^^^^^^^^
  File "/Users/admin/Documents/GitHub/bid/src/bid/build_cot_dataset.py", line 37, in build_example
    ids += tok.encode_line(line, strict=True)
           ^^^^^^^^^^^^^^^^^^^^^^^^^^^^^^^^^^
  File "/Users/admin/Documents/GitHub/bid/src/bid/cot_tokenizer.py", line 132, in encode_line
    raise KeyError(f"Unseen token '{t}' in line: '{line}'. Frozen vocabulary violated!")
KeyError: "Unseen token 'AKJT3' in line: 'HAND S:73 H:AKJT3 D:KQ43 C:64'. Frozen vocabulary violated!"

=== [train] /Users/admin/Documents/GitHub/bid/.venv/bin/python3 -u -m bid.cot_model train --dataset /Users/admin/Documents/GitHub/bid/data/cot_dataset/dataset.json --epochs 2 --batch 32 --lr 0.0003 --out /Users/admin/Documents/GitHub/bid/data/cot_model/ckpt_candidate.pt --init-from /Users/admin/Documents/GitHub/bid/data/cot_model/ckpt.pt
warm-started model weights from /Users/admin/Documents/GitHub/bid/data/cot_model/ckpt.pt
training 4,967,424 params on 499 examples | 2 epochs | device=mps block=84
  epoch 1 step 20 loss 0.8384
saved /Users/admin/Documents/GitHub/bid/data/cot_model/ckpt_candidate.pt

=== [train] /Users/admin/Documents/GitHub/bid/.venv/bin/python3.12 -u -m bid.cot_model train --dataset /Users/admin/Documents/GitHub/bid/data/cot_dataset/dataset.json --epochs 5 --batch 32 --lr 0.0003 --out /Users/admin/Documents/GitHub/bid/data/cot_model/ckpt_candidate.pt --init-from /Users/admin/Documents/GitHub/bid/data/cot_model/ckpt.pt
warm-started model weights from /Users/admin/Documents/GitHub/bid/data/cot_model/ckpt.pt
training 4,967,424 params on 499 examples | 5 epochs | device=mps block=84
  epoch 1 step 20 loss 0.8374
  epoch 2 step 40 loss 0.8557
  epoch 3 step 60 loss 0.7939
saved /Users/admin/Documents/GitHub/bid/data/cot_model/ckpt_candidate.pt

=== [traces] /Users/admin/Documents/GitHub/bid/.venv/bin/python3.12 -u -m bid.trace_factory --boards 500 --seed 42 --out /Users/admin/Documents/GitHub/bid/data/traces/traces.jsonl
Wrote 3980 call-traces (500 boards) -> /Users/admin/Documents/GitHub/bid/data/traces/traces.jsonl
Meta   : /Users/admin/Documents/GitHub/bid/data/traces/traces.meta.json | corpus sha256=57f0fde4a8ea6559… dsl sha256=c6e2553f47e8212b…

=== [dataset] /Users/admin/Documents/GitHub/bid/.venv/bin/python3.12 -u -m bid.build_cot_dataset /Users/admin/Documents/GitHub/bid/data/traces/corpus_combined.jsonl
dataset -> data/cot_dataset/dataset.json
  traces 4106 | vocab 404 | max block 88 | tokens 243,547 | train/val 3696/410

=== [train] /Users/admin/Documents/GitHub/bid/.venv/bin/python3.12 -u -m bid.cot_model train --dataset /Users/admin/Documents/GitHub/bid/data/cot_dataset/dataset.json --epochs 8 --batch 32 --lr 0.0003 --out /Users/admin/Documents/GitHub/bid/data/cot_model/ckpt_candidate.pt --init-from /Users/admin/Documents/GitHub/bid/data/cot_model/ckpt.pt
skipping warm-start: block size mismatch (84 vs 88)
training 4,968,448 params on 3696 examples | 8 epochs | device=mps block=88
  epoch 0 step 20 loss 3.2716
  epoch 0 step 40 loss 1.9078
  epoch 0 step 60 loss 1.4466
  epoch 0 step 80 loss 1.2773
  epoch 0 step 100 loss 1.1422
  epoch 1 step 120 loss 1.0855
  epoch 1 step 140 loss 0.9591
  epoch 1 step 160 loss 0.9906
  epoch 1 step 180 loss 1.0228
  epoch 1 step 200 loss 0.9467
  epoch 1 step 220 loss 1.0129
  epoch 2 step 240 loss 0.9185
  epoch 2 step 260 loss 0.9205
  epoch 2 step 280 loss 0.8574
  epoch 2 step 300 loss 0.8764
  epoch 2 step 320 loss 0.8922
  epoch 2 step 340 loss 0.8031
  epoch 3 step 360 loss 0.8090
  epoch 3 step 380 loss 0.8435
  epoch 3 step 400 loss 0.8215
  epoch 3 step 420 loss 0.7597
  epoch 3 step 440 loss 0.8235
  epoch 3 step 460 loss 0.7562
  epoch 4 step 480 loss 0.7606
  epoch 4 step 500 loss 0.7657
  epoch 4 step 520 loss 0.7712
  epoch 4 step 540 loss 0.7306
  epoch 4 step 560 loss 0.7681
  epoch 5 step 580 loss 0.7673
  epoch 5 step 600 loss 0.7040
  epoch 5 step 620 loss 0.7075
  epoch 5 step 640 loss 0.6755
  epoch 5 step 660 loss 0.7255
  epoch 5 step 680 loss 0.6924
  epoch 6 step 700 loss 0.6947
  epoch 6 step 720 loss 0.6980
  epoch 6 step 740 loss 0.6521
  epoch 6 step 760 loss 0.6853
  epoch 6 step 780 loss 0.6814
  epoch 6 step 800 loss 0.6801
  epoch 7 step 820 loss 0.6671
  epoch 7 step 840 loss 0.6977
  epoch 7 step 860 loss 0.6622
  epoch 7 step 880 loss 0.6528
  epoch 7 step 900 loss 0.6507
  epoch 7 step 920 loss 0.6713
saved /Users/admin/Documents/GitHub/bid/data/cot_model/ckpt_candidate.pt
